┏━━━━━━━━━━━━━━━━━━━━━━━━━━━━━━━━━━━━━━━━━━━━━━━━━━━━━━━━━━━━━━━━━━━━━━━━┓
┃ ACMM level                                                             ┃
┃ current L5                                                             ┃
┃                                                                        ┃
┃ Applied. Level is now L5.                                              ┃
┃                                                                        ┃
┃ Roster (pack agents):  scanner, reviewer, feature                      ┃
┃ Updated by the pack:   reviewer                                        ┃
┃ Paused:                none                                            ┃
┃ Resumed:               feature                                         ┃
┃ Governor changes:                                                      ┃
┃   evaluation interval 300s → 120s                                      ┃
┃   cadence autonomous/scanner 6h → 1h                                   ┃
┃                                                                        ┃
┃ enter/esc close                                                        ┃
┗━━━━━━━━━━━━━━━━━━━━━━━━━━━━━━━━━━━━━━━━━━━━━━━━━━━━━━━━━━━━━━━━━━━━━━━━┛