                                                                                                    
                                                                                                    
                                                                                                    
                                                                                                    
                                                                                                    
                                                                                                    
                                                                                                    
                                                                                                    
                                                                                                    
                                                                                                    
                   ┏━━━━━━━━━━━━━━━━━━━━━━━━━━━━━━━━━━━━━━━━━━━━━━━━━━━━━━━━━━━━┓                   
                   ┃ Model for Scanner                                          ┃                   
                   ┃ backend claude   current claude-opus-4-5                   ┃                   
                   ┃                                                            ┃                   
                   ┃ Loading models…                                            ┃                   
                   ┃                                                            ┃                   
                   ┃ Applying restarts the agent's session.                     ┃                   
                   ┃ esc cancel                                                 ┃                   
                   ┗━━━━━━━━━━━━━━━━━━━━━━━━━━━━━━━━━━━━━━━━━━━━━━━━━━━━━━━━━━━━┛                   
                                                                                                    
                                                                                                    
                                                                                                    
                                                                                                    
                                                                                                    
                                                                                                    
                                                                                                    
                                                                                                    
                                                                                                    
                                                                                                    
                                                                                                    